// Jest Snapshot v1, https://goo.gl/fbAQLP

exports[`should render children 1`] = `ShallowWrapper {}`;
